
==================================================
🔄 CROSS-DATASET EVALUATION (Multi-Prober & Multi-Run)
Trained on: NQ-Swap
Testing on: ragbench_cuad
==================================================

📥 Loading test activations from: cuad...

--- Evaluating Cross-Dataset Performance: LOGISTIC_REGRESSION ---
  Layer 0 hidden completed (5 runs + summary).
  Layer 1 hidden completed (5 runs + summary).
  Layer 2 hidden completed (5 runs + summary).
  Layer 3 hidden completed (5 runs + summary).
  Layer 4 hidden completed (5 runs + summary).
  Layer 5 hidden completed (5 runs + summary).
  Layer 6 hidden completed (5 runs + summary).
  Layer 7 hidden completed (5 runs + summary).
  Layer 8 hidden completed (5 runs + summary).
  Layer 9 hidden completed (5 runs + summary).
  Layer 10 hidden completed (5 runs + summary).
  Layer 11 hidden completed (5 runs + summary).
  Layer 12 hidden completed (5 runs + summary).
  Layer 13 hidden completed (5 runs + summary).
  Layer 14 hidden completed (5 runs + summary).
  Layer 15 hidden completed (5 runs + summary).
  Layer 16 hidden completed (5 runs + summary).
  Layer 17 hidden completed (5 runs + summary).
  Layer 18 hidden completed (5 runs + summary).
  Layer 19 hidden completed (5 runs + summary).
  Layer 20 hidden completed (5 runs + summary).
  Layer 21 hidden completed (5 runs + summary).
  Layer 22 hidden completed (5 runs + summary).
  Layer 23 hidden completed (5 runs + summary).
  Layer 24 hidden completed (5 runs + summary).
  Layer 25 hidden completed (5 runs + summary).
  Layer 26 hidden completed (5 runs + summary).
  Layer 27 hidden completed (5 runs + summary).
  Layer 28 hidden completed (5 runs + summary).
  Layer 29 hidden completed (5 runs + summary).
  Layer 30 hidden completed (5 runs + summary).
  Layer 31 hidden completed (5 runs + summary).
  Layer 0 mlp completed (5 runs + summary).
  Layer 1 mlp completed (5 runs + summary).
  Layer 2 mlp completed (5 runs + summary).
  Layer 3 mlp completed (5 runs + summary).
  Layer 4 mlp completed (5 runs + summary).
  Layer 5 mlp completed (5 runs + summary).
  Layer 6 mlp completed (5 runs + summary).
  Layer 7 mlp completed (5 runs + summary).
  Layer 8 mlp completed (5 runs + summary).
  Layer 9 mlp completed (5 runs + summary).
  Layer 10 mlp completed (5 runs + summary).
  Layer 11 mlp completed (5 runs + summary).
  Layer 12 mlp completed (5 runs + summary).
  Layer 13 mlp completed (5 runs + summary).
  Layer 14 mlp completed (5 runs + summary).
  Layer 15 mlp completed (5 runs + summary).
  Layer 16 mlp completed (5 runs + summary).
  Layer 17 mlp completed (5 runs + summary).
  Layer 18 mlp completed (5 runs + summary).
  Layer 19 mlp completed (5 runs + summary).
  Layer 20 mlp completed (5 runs + summary).
  Layer 21 mlp completed (5 runs + summary).
  Layer 22 mlp completed (5 runs + summary).
  Layer 23 mlp completed (5 runs + summary).
  Layer 24 mlp completed (5 runs + summary).
  Layer 25 mlp completed (5 runs + summary).
  Layer 26 mlp completed (5 runs + summary).
  Layer 27 mlp completed (5 runs + summary).
  Layer 28 mlp completed (5 runs + summary).
  Layer 29 mlp completed (5 runs + summary).
  Layer 30 mlp completed (5 runs + summary).
  Layer 31 mlp completed (5 runs + summary).
  Layer 0 attn completed (5 runs + summary).
  Layer 1 attn completed (5 runs + summary).
  Layer 2 attn completed (5 runs + summary).
  Layer 3 attn completed (5 runs + summary).
  Layer 4 attn completed (5 runs + summary).
  Layer 5 attn completed (5 runs + summary).
  Layer 6 attn completed (5 runs + summary).
  Layer 7 attn completed (5 runs + summary).
  Layer 8 attn completed (5 runs + summary).
  Layer 9 attn completed (5 runs + summary).
  Layer 10 attn completed (5 runs + summary).
  Layer 11 attn completed (5 runs + summary).
  Layer 12 attn completed (5 runs + summary).
  Layer 13 attn completed (5 runs + summary).
  Layer 14 attn completed (5 runs + summary).
  Layer 15 attn completed (5 runs + summary).
  Layer 16 attn completed (5 runs + summary).
  Layer 17 attn completed (5 runs + summary).
  Layer 18 attn completed (5 runs + summary).
  Layer 19 attn completed (5 runs + summary).
  Layer 20 attn completed (5 runs + summary).
  Layer 21 attn completed (5 runs + summary).
  Layer 22 attn completed (5 runs + summary).
  Layer 23 attn completed (5 runs + summary).
  Layer 24 attn completed (5 runs + summary).
  Layer 25 attn completed (5 runs + summary).
  Layer 26 attn completed (5 runs + summary).
  Layer 27 attn completed (5 runs + summary).
  Layer 28 attn completed (5 runs + summary).
  Layer 29 attn completed (5 runs + summary).
  Layer 30 attn completed (5 runs + summary).
  Layer 31 attn completed (5 runs + summary).

--- Evaluating Cross-Dataset Performance: FFN ---
  Layer 0 hidden completed (5 runs + summary).
  Layer 1 hidden completed (5 runs + summary).
  Layer 2 hidden completed (5 runs + summary).
  Layer 3 hidden completed (5 runs + summary).
  Layer 4 hidden completed (5 runs + summary).
  Layer 5 hidden completed (5 runs + summary).
  Layer 6 hidden completed (5 runs + summary).
  Layer 7 hidden completed (5 runs + summary).
  Layer 8 hidden completed (5 runs + summary).
  Layer 9 hidden completed (5 runs + summary).
  Layer 10 hidden completed (5 runs + summary).
  Layer 11 hidden completed (5 runs + summary).
  Layer 12 hidden completed (5 runs + summary).
  Layer 13 hidden completed (5 runs + summary).
  Layer 14 hidden completed (5 runs + summary).
  Layer 15 hidden completed (5 runs + summary).
  Layer 16 hidden completed (5 runs + summary).
  Layer 17 hidden completed (5 runs + summary).
  Layer 18 hidden completed (5 runs + summary).
  Layer 19 hidden completed (5 runs + summary).
  Layer 20 hidden completed (5 runs + summary).
  Layer 21 hidden completed (5 runs + summary).
  Layer 22 hidden completed (5 runs + summary).
  Layer 23 hidden completed (5 runs + summary).
  Layer 24 hidden completed (5 runs + summary).
  Layer 25 hidden completed (5 runs + summary).
  Layer 26 hidden completed (5 runs + summary).
  Layer 27 hidden completed (5 runs + summary).
  Layer 28 hidden completed (5 runs + summary).
  Layer 29 hidden completed (5 runs + summary).
  Layer 30 hidden completed (5 runs + summary).
  Layer 31 hidden completed (5 runs + summary).
  Layer 0 mlp completed (5 runs + summary).
  Layer 1 mlp completed (5 runs + summary).
  Layer 2 mlp completed (5 runs + summary).
  Layer 3 mlp completed (5 runs + summary).
  Layer 4 mlp completed (5 runs + summary).
  Layer 5 mlp completed (5 runs + summary).
  Layer 6 mlp completed (5 runs + summary).
  Layer 7 mlp completed (5 runs + summary).
  Layer 8 mlp completed (5 runs + summary).
  Layer 9 mlp completed (5 runs + summary).
  Layer 10 mlp completed (5 runs + summary).
  Layer 11 mlp completed (5 runs + summary).
  Layer 12 mlp completed (5 runs + summary).
  Layer 13 mlp completed (5 runs + summary).
  Layer 14 mlp completed (5 runs + summary).
  Layer 15 mlp completed (5 runs + summary).
  Layer 16 mlp completed (5 runs + summary).
  Layer 17 mlp completed (5 runs + summary).
  Layer 18 mlp completed (5 runs + summary).
  Layer 19 mlp completed (5 runs + summary).
  Layer 20 mlp completed (5 runs + summary).
  Layer 21 mlp completed (5 runs + summary).
  Layer 22 mlp completed (5 runs + summary).
  Layer 23 mlp completed (5 runs + summary).
  Layer 24 mlp completed (5 runs + summary).
  Layer 25 mlp completed (5 runs + summary).
  Layer 26 mlp completed (5 runs + summary).
  Layer 27 mlp completed (5 runs + summary).
  Layer 28 mlp completed (5 runs + summary).
  Layer 29 mlp completed (5 runs + summary).
  Layer 30 mlp completed (5 runs + summary).
  Layer 31 mlp completed (5 runs + summary).
  Layer 0 attn completed (5 runs + summary).
  Layer 1 attn completed (5 runs + summary).
  Layer 2 attn completed (5 runs + summary).
  Layer 3 attn completed (5 runs + summary).
  Layer 4 attn completed (5 runs + summary).
  Layer 5 attn completed (5 runs + summary).
  Layer 6 attn completed (5 runs + summary).
  Layer 7 attn completed (5 runs + summary).
  Layer 8 attn completed (5 runs + summary).
  Layer 9 attn completed (5 runs + summary).
  Layer 10 attn completed (5 runs + summary).
  Layer 11 attn completed (5 runs + summary).
  Layer 12 attn completed (5 runs + summary).
  Layer 13 attn completed (5 runs + summary).
  Layer 14 attn completed (5 runs + summary).
  Layer 15 attn completed (5 runs + summary).
  Layer 16 attn completed (5 runs + summary).
  Layer 17 attn completed (5 runs + summary).
  Layer 18 attn completed (5 runs + summary).
  Layer 19 attn completed (5 runs + summary).
  Layer 20 attn completed (5 runs + summary).
  Layer 21 attn completed (5 runs + summary).
  Layer 22 attn completed (5 runs + summary).
  Layer 23 attn completed (5 runs + summary).
  Layer 24 attn completed (5 runs + summary).
  Layer 25 attn completed (5 runs + summary).
  Layer 26 attn completed (5 runs + summary).
  Layer 27 attn completed (5 runs + summary).
  Layer 28 attn completed (5 runs + summary).
  Layer 29 attn completed (5 runs + summary).
  Layer 30 attn completed (5 runs + summary).
  Layer 31 attn completed (5 runs + summary).

--- Evaluating Cross-Dataset Performance: SVM ---
  Layer 0 hidden completed (5 runs + summary).
  Layer 1 hidden completed (5 runs + summary).
  Layer 2 hidden completed (5 runs + summary).
  Layer 3 hidden completed (5 runs + summary).
  Layer 4 hidden completed (5 runs + summary).
  Layer 5 hidden completed (5 runs + summary).
  Layer 6 hidden completed (5 runs + summary).
  Layer 7 hidden completed (5 runs + summary).
  Layer 8 hidden completed (5 runs + summary).
  Layer 9 hidden completed (5 runs + summary).
  Layer 10 hidden completed (5 runs + summary).
  Layer 11 hidden completed (5 runs + summary).
  Layer 12 hidden completed (5 runs + summary).
  Layer 13 hidden completed (5 runs + summary).
  Layer 14 hidden completed (5 runs + summary).
  Layer 15 hidden completed (5 runs + summary).
  Layer 16 hidden completed (5 runs + summary).
  Layer 17 hidden completed (5 runs + summary).
  Layer 18 hidden completed (5 runs + summary).
  Layer 19 hidden completed (5 runs + summary).
  Layer 20 hidden completed (5 runs + summary).
  Layer 21 hidden completed (5 runs + summary).
  Layer 22 hidden completed (5 runs + summary).
  Layer 23 hidden completed (5 runs + summary).
  Layer 24 hidden completed (5 runs + summary).
  Layer 25 hidden completed (5 runs + summary).
  Layer 26 hidden completed (5 runs + summary).
  Layer 27 hidden completed (5 runs + summary).
  Layer 28 hidden completed (5 runs + summary).
  Layer 29 hidden completed (5 runs + summary).
  Layer 30 hidden completed (5 runs + summary).
  Layer 31 hidden completed (5 runs + summary).
  Layer 0 mlp completed (5 runs + summary).
  Layer 1 mlp completed (5 runs + summary).
  Layer 2 mlp completed (5 runs + summary).
  Layer 3 mlp completed (5 runs + summary).
  Layer 4 mlp completed (5 runs + summary).
  Layer 5 mlp completed (5 runs + summary).
  Layer 6 mlp completed (5 runs + summary).
  Layer 7 mlp completed (5 runs + summary).
  Layer 8 mlp completed (5 runs + summary).
  Layer 9 mlp completed (5 runs + summary).
  Layer 10 mlp completed (5 runs + summary).
  Layer 11 mlp completed (5 runs + summary).
  Layer 12 mlp completed (5 runs + summary).
  Layer 13 mlp completed (5 runs + summary).
  Layer 14 mlp completed (5 runs + summary).
  Layer 15 mlp completed (5 runs + summary).
  Layer 16 mlp completed (5 runs + summary).
  Layer 17 mlp completed (5 runs + summary).
  Layer 18 mlp completed (5 runs + summary).
  Layer 19 mlp completed (5 runs + summary).
  Layer 20 mlp completed (5 runs + summary).
  Layer 21 mlp completed (5 runs + summary).
  Layer 22 mlp completed (5 runs + summary).
  Layer 23 mlp completed (5 runs + summary).
  Layer 24 mlp completed (5 runs + summary).
  Layer 25 mlp completed (5 runs + summary).
  Layer 26 mlp completed (5 runs + summary).
  Layer 27 mlp completed (5 runs + summary).
  Layer 28 mlp completed (5 runs + summary).
  Layer 29 mlp completed (5 runs + summary).
  Layer 30 mlp completed (5 runs + summary).
  Layer 31 mlp completed (5 runs + summary).
  Layer 0 attn completed (5 runs + summary).
  Layer 1 attn completed (5 runs + summary).
  Layer 2 attn completed (5 runs + summary).
  Layer 3 attn completed (5 runs + summary).
  Layer 4 attn completed (5 runs + summary).
  Layer 5 attn completed (5 runs + summary).
  Layer 6 attn completed (5 runs + summary).
  Layer 7 attn completed (5 runs + summary).
  Layer 8 attn completed (5 runs + summary).
  Layer 9 attn completed (5 runs + summary).
  Layer 10 attn completed (5 runs + summary).
  Layer 11 attn completed (5 runs + summary).
  Layer 12 attn completed (5 runs + summary).
  Layer 13 attn completed (5 runs + summary).
  Layer 14 attn completed (5 runs + summary).
  Layer 15 attn completed (5 runs + summary).
  Layer 16 attn completed (5 runs + summary).
  Layer 17 attn completed (5 runs + summary).
  Layer 18 attn completed (5 runs + summary).
  Layer 19 attn completed (5 runs + summary).
  Layer 20 attn completed (5 runs + summary).
  Layer 21 attn completed (5 runs + summary).
  Layer 22 attn completed (5 runs + summary).
  Layer 23 attn completed (5 runs + summary).
  Layer 24 attn completed (5 runs + summary).
  Layer 25 attn completed (5 runs + summary).
  Layer 26 attn completed (5 runs + summary).
  Layer 27 attn completed (5 runs + summary).
  Layer 28 attn completed (5 runs + summary).
  Layer 29 attn completed (5 runs + summary).
  Layer 30 attn completed (5 runs + summary).
  Layer 31 attn completed (5 runs + summary).

📊 Generating Cross-Dataset plots for LOGISTIC_REGRESSION...
✅ Individual PNGs and compiled PDF saved to /lustrehome/vitomarcorubino/HallucinationsDetection/runs/cuad/images/hallucination_detection

📊 Generating Cross-Dataset plots for FFN...
✅ Individual PNGs and compiled PDF saved to /lustrehome/vitomarcorubino/HallucinationsDetection/runs/cuad/images/hallucination_detection

📊 Generating Cross-Dataset plots for SVM...
✅ Individual PNGs and compiled PDF saved to /lustrehome/vitomarcorubino/HallucinationsDetection/runs/cuad/images/hallucination_detection
